// Jest Snapshot v1, https://goo.gl/fbAQLP

exports[`Snap 1`] = `
"props => {
  const {
    name,
    email,
    company,
    primary,
    address
  } = props || {};
  const {
    street,
    zypcode,
    suite,
    city
  } = address || {};
  return /*#__PURE__*/_react.default.createElement(\\"div\\", {
    className: primary ? 'user-card default' : 'user-card ',
    __self: void 0,
    __source: {
      fileName: _jsxFileName,
      lineNumber: 9,
      columnNumber: 5
    }
  }, !primary ? /*#__PURE__*/_react.default.createElement(_react.Fragment, {
    __self: void 0,
    __source: {
      fileName: _jsxFileName,
      lineNumber: 11,
      columnNumber: 9
    }
  }, /*#__PURE__*/_react.default.createElement(\\"h2\\", {
    __self: void 0,
    __source: {
      fileName: _jsxFileName,
      lineNumber: 12,
      columnNumber: 11
    }
  }, name), /*#__PURE__*/_react.default.createElement(\\"p\\", {
    __self: void 0,
    __source: {
      fileName: _jsxFileName,
      lineNumber: 13,
      columnNumber: 11
    }
  }, email), /*#__PURE__*/_react.default.createElement(\\"p\\", {
    __self: void 0,
    __source: {
      fileName: _jsxFileName,
      lineNumber: 14,
      columnNumber: 11
    }
  }, company)) : /*#__PURE__*/_react.default.createElement(_react.Fragment, {
    __self: void 0,
    __source: {
      fileName: _jsxFileName,
      lineNumber: 17,
      columnNumber: 9
    }
  }, /*#__PURE__*/_react.default.createElement(\\"h2\\", {
    __self: void 0,
    __source: {
      fileName: _jsxFileName,
      lineNumber: 18,
      columnNumber: 11
    }
  }, name), /*#__PURE__*/_react.default.createElement(\\"h3\\", {
    __self: void 0,
    __source: {
      fileName: _jsxFileName,
      lineNumber: 19,
      columnNumber: 11
    }
  }, \\"Endere\\\\xE7o\\"), /*#__PURE__*/_react.default.createElement(\\"p\\", {
    __self: void 0,
    __source: {
      fileName: _jsxFileName,
      lineNumber: 20,
      columnNumber: 11
    }
  }, street, \\" - \\", suite), /*#__PURE__*/_react.default.createElement(\\"p\\", {
    __self: void 0,
    __source: {
      fileName: _jsxFileName,
      lineNumber: 23,
      columnNumber: 11
    }
  }, city, \\" - CEP: \\", zypcode)));
}"
`;
